------------------------------------------------------------
TimeQuest Timing Analyzer Summary
------------------------------------------------------------

Type  : Slow 1100mV 85C Model Setup 'CLOCK_50'
Slack : 13.518
TNS   : 0.000

Type  : Slow 1100mV 85C Model Setup 'u1|audio_clk_inst|altera_pll_i|general[0].gpll~PLL_OUTPUT_COUNTER|divclk'
Slack : 51.611
TNS   : 0.000

Type  : Slow 1100mV 85C Model Hold 'CLOCK_50'
Slack : 0.372
TNS   : 0.000

Type  : Slow 1100mV 85C Model Hold 'u1|audio_clk_inst|altera_pll_i|general[0].gpll~PLL_OUTPUT_COUNTER|divclk'
Slack : 0.457
TNS   : 0.000

Type  : Slow 1100mV 85C Model Minimum Pulse Width 'u1|audio_clk_inst|altera_pll_i|general[0].gpll~FRACTIONAL_PLL|vcoph[0]'
Slack : 1.233
TNS   : 0.000

Type  : Slow 1100mV 85C Model Minimum Pulse Width 'CLOCK_50'
Slack : 8.865
TNS   : 0.000

Type  : Slow 1100mV 85C Model Minimum Pulse Width 'u1|audio_clk_inst|altera_pll_i|general[0].gpll~PLL_OUTPUT_COUNTER|divclk'
Slack : 26.435
TNS   : 0.000

Type  : Slow 1100mV 0C Model Setup 'CLOCK_50'
Slack : 13.225
TNS   : 0.000

Type  : Slow 1100mV 0C Model Setup 'u1|audio_clk_inst|altera_pll_i|general[0].gpll~PLL_OUTPUT_COUNTER|divclk'
Slack : 51.614
TNS   : 0.000

Type  : Slow 1100mV 0C Model Hold 'CLOCK_50'
Slack : 0.372
TNS   : 0.000

Type  : Slow 1100mV 0C Model Hold 'u1|audio_clk_inst|altera_pll_i|general[0].gpll~PLL_OUTPUT_COUNTER|divclk'
Slack : 0.417
TNS   : 0.000

Type  : Slow 1100mV 0C Model Minimum Pulse Width 'u1|audio_clk_inst|altera_pll_i|general[0].gpll~FRACTIONAL_PLL|vcoph[0]'
Slack : 1.233
TNS   : 0.000

Type  : Slow 1100mV 0C Model Minimum Pulse Width 'CLOCK_50'
Slack : 8.825
TNS   : 0.000

Type  : Slow 1100mV 0C Model Minimum Pulse Width 'u1|audio_clk_inst|altera_pll_i|general[0].gpll~PLL_OUTPUT_COUNTER|divclk'
Slack : 26.387
TNS   : 0.000

Type  : Fast 1100mV 85C Model Setup 'CLOCK_50'
Slack : 16.252
TNS   : 0.000

Type  : Fast 1100mV 85C Model Setup 'u1|audio_clk_inst|altera_pll_i|general[0].gpll~PLL_OUTPUT_COUNTER|divclk'
Slack : 52.838
TNS   : 0.000

Type  : Fast 1100mV 85C Model Hold 'CLOCK_50'
Slack : 0.183
TNS   : 0.000

Type  : Fast 1100mV 85C Model Hold 'u1|audio_clk_inst|altera_pll_i|general[0].gpll~PLL_OUTPUT_COUNTER|divclk'
Slack : 0.281
TNS   : 0.000

Type  : Fast 1100mV 85C Model Minimum Pulse Width 'u1|audio_clk_inst|altera_pll_i|general[0].gpll~FRACTIONAL_PLL|vcoph[0]'
Slack : 1.233
TNS   : 0.000

Type  : Fast 1100mV 85C Model Minimum Pulse Width 'CLOCK_50'
Slack : 8.754
TNS   : 0.000

Type  : Fast 1100mV 85C Model Minimum Pulse Width 'u1|audio_clk_inst|altera_pll_i|general[0].gpll~PLL_OUTPUT_COUNTER|divclk'
Slack : 26.683
TNS   : 0.000

Type  : Fast 1100mV 0C Model Setup 'CLOCK_50'
Slack : 16.375
TNS   : 0.000

Type  : Fast 1100mV 0C Model Setup 'u1|audio_clk_inst|altera_pll_i|general[0].gpll~PLL_OUTPUT_COUNTER|divclk'
Slack : 52.920
TNS   : 0.000

Type  : Fast 1100mV 0C Model Hold 'CLOCK_50'
Slack : 0.172
TNS   : 0.000

Type  : Fast 1100mV 0C Model Hold 'u1|audio_clk_inst|altera_pll_i|general[0].gpll~PLL_OUTPUT_COUNTER|divclk'
Slack : 0.252
TNS   : 0.000

Type  : Fast 1100mV 0C Model Minimum Pulse Width 'u1|audio_clk_inst|altera_pll_i|general[0].gpll~FRACTIONAL_PLL|vcoph[0]'
Slack : 1.233
TNS   : 0.000

Type  : Fast 1100mV 0C Model Minimum Pulse Width 'CLOCK_50'
Slack : 8.711
TNS   : 0.000

Type  : Fast 1100mV 0C Model Minimum Pulse Width 'u1|audio_clk_inst|altera_pll_i|general[0].gpll~PLL_OUTPUT_COUNTER|divclk'
Slack : 26.672
TNS   : 0.000

------------------------------------------------------------
